[www.mammothtoken.xyz/index.html]
[backblue.gif]
[fade.gif]
[index.html]
[mammothtoken.xyz/wp-content/plugins/graphina-elementor-charts-and-graphs/elementor/css/graphina-charts-for-elementor-public3cf4.css]
[mammothtoken.xyz/wp-content/plugins/graphina-elementor-charts-and-graphs/elementor/css/graphina-charts-for-elementor-pro3cf4.css]
[mammothtoken.xyz/wp-content/plugins/elementor/assets/css/frontend-lite.minf3b2.css]
[mammothtoken.xyz/wp-content/uploads/2024/01/Diseno-sin-titulo-5.gif]
[mammothtoken.xyz/wp-content/uploads/2024/01/NO-BG-LOGO-2-1.png]
[mammothtoken.xyz/wp-content/plugins/elementor/assets/lib/swiper/v8/css/swiper.min94a4.css]
[mammothtoken.xyz/wp-content/plugins/theme-masters-elementor/assets/css/frontend.min039c.css]
[mammothtoken.xyz/wp-content/plugins/elementor/assets/lib/font-awesome/css/all.minf3b2.css]
[mammothtoken.xyz/wp-content/plugins/elementor/assets/lib/font-awesome/css/v4-shims.minf3b2.css]
[mammothtoken.xyz/wp-content/plugins/metform/public/assets/css/text-editorcd70.css]
[mammothtoken.xyz/wp-content/plugins/elementskit-lite/modules/elementskit-icon-pack/assets/css/ekiticons459e.css]
[mammothtoken.xyz/wp-content/themes/aihub/style1e39.css]
[mammothtoken.xyz/wp-content/uploads/liquid-styles/liquid-utils.css]
[mammothtoken.xyz/wp-content/themes/aihub/assets/css/themes/aihub/theme1e39.css]
[mammothtoken.xyz/wp-content/plugins/elementskit-lite/widgets/init/assets/css/widget-styles459e.css]
[mammothtoken.xyz/wp-content/plugins/elementskit-lite/widgets/init/assets/css/responsive459e.css]
[mammothtoken.xyz/wp-content/plugins/happy-elementor-addons/assets/fonts/style.min2f56.css]
[mammothtoken.xyz/wp-content/themes/aihub/liquid/extensions/menu-icons/css/fontawesome/css/all.min1849.css]
[mammothtoken.xyz/wp-content/plugins/theme-masters-elementor/assets/icon-library/css/fontisto.min459e.css]
[mammothtoken.xyz/wp-includes/js/jquery/jquery.minf43b.js]
[mammothtoken.xyz/wp-includes/js/jquery/jquery-migrate.min5589.js]
[mammothtoken.xyz/wp-content/plugins/graphina-elementor-charts-and-graphs/elementor/js/apexcharts.min3cf4.js]
[mammothtoken.xyz/wp-content/plugins/graphina-elementor-charts-and-graphs/elementor/js/graphina-charts-for-elementor-public3cf4.js]
[mammothtoken.xyz/wp-content/plugins/elementor/assets/lib/font-awesome/js/v4-shims.minf3b2.js]
[mammothtoken.xyz/wp-content/uploads/2024/01/cropped-mamov1.png]
[mammothtoken.xyz/wp-content/uploads/2024/01/cropped-mamov1-32x32.png]
[mammothtoken.xyz/wp-content/uploads/2024/01/cropped-mamov1-192x192.png]
[mammothtoken.xyz/wp-content/uploads/2024/01/cropped-mamov1-180x180.png]
[mammothtoken.xyz/wp-content/uploads/2024/01/text1-1-1.png]
[mammothtoken.xyz/wp-content/uploads/2024/01/solana-1-1.png]
[mammothtoken.xyz/wp-content/uploads/2024/01/dextools-2.png]
[mammothtoken.xyz/wp-content/uploads/2024/01/quickswap.png]
[mammothtoken.xyz/wp-content/uploads/2024/01/logo-2-1-2.png]
[mammothtoken.xyz/wp-content/uploads/2024/01/1v2.png]
[mammothtoken.xyz/wp-content/uploads/2024/01/50582-1-3-1-1-1.png]
[mammothtoken.xyz/wp-content/plugins/theme-masters-elementor/assets/js/tmea_animations.min039c.js]
[mammothtoken.xyz/wp-content/plugins/theme-masters-elementor/assets/js/library/bg-effects.min039c.js]
[mammothtoken.xyz/wp-content/plugins/theme-masters-elementor/assets/js/library/bg-effect-temp.min039c.js]
[mammothtoken.xyz/wp-content/plugins/theme-masters-elementor/assets/js/library/parallax-bg.min039c.js]
[mammothtoken.xyz/wp-content/plugins/theme-masters-elementor/assets/js/library/gradient-bg.min039c.js]
[mammothtoken.xyz/wp-content/plugins/theme-masters-elementor/assets/js/library/shape-divider.min039c.js]
[mammothtoken.xyz/wp-content/themes/aihub/assets/vendors/lottie/lottie.mina950.js]
[mammothtoken.xyz/wp-content/plugins/elementskit-lite/libs/framework/assets/js/frontend-script459e.js]
[mammothtoken.xyz/wp-content/plugins/elementskit-lite/widgets/init/assets/js/widget-scripts459e.js]
[mammothtoken.xyz/wp-content/plugins/no-right-click-images-plugin/js/no-right-click-images-frontendf2b5.js]
[mammothtoken.xyz/wp-content/themes/aihub/assets/vendors/fastdom/fastdom.min.js]
[mammothtoken.xyz/wp-content/themes/aihub/assets/vendors/fastdom/fastdom-promised.js]
[mammothtoken.xyz/wp-includes/js/underscore.mind584.js]
[mammothtoken.xyz/wp-includes/js/backbone.min91ce.js]
[mammothtoken.xyz/wp-content/themes/aihub/assets/vendors/backbone-native/backbone.native.min.js]
[mammothtoken.xyz/wp-content/themes/aihub/assets/vendors/gsap/minified/gsap.min.js]
[mammothtoken.xyz/wp-content/themes/aihub/assets/vendors/gsap/minified/ScrollTrigger.min.js]
[mammothtoken.xyz/wp-content/themes/aihub/assets/vendors/gsap/minified/ScrollToPlugin.min.js]
[mammothtoken.xyz/wp-content/themes/aihub/assets/vendors/gsap/minified/DrawSVGPlugin.min.js]
[mammothtoken.xyz/wp-content/themes/aihub/assets/js/minified/lib/consts.js]
[mammothtoken.xyz/wp-content/themes/aihub/assets/js/minified/utils/collide.js]
[mammothtoken.xyz/wp-content/themes/aihub/assets/js/minified/utils/colors.js]
[mammothtoken.xyz/wp-content/themes/aihub/assets/js/minified/utils/getElementFromString.js]
[mammothtoken.xyz/wp-content/themes/aihub/assets/js/minified/utils/getSize.js]
[mammothtoken.xyz/wp-content/themes/aihub/assets/js/minified/utils/modulo.js]
[mammothtoken.xyz/wp-content/themes/aihub/assets/js/minified/models/base.js]
[mammothtoken.xyz/wp-content/themes/aihub/assets/js/minified/models/widgets/base.js]
[mammothtoken.xyz/wp-content/themes/aihub/assets/js/minified/views/base.js]
[mammothtoken.xyz/wp-content/themes/aihub/assets/js/minified/behaviors/base.js]
[mammothtoken.xyz/wp-content/themes/aihub/assets/js/minified/app.js]
[mammothtoken.xyz/wp-content/plugins/elementor/assets/js/webpack.runtime.minf3b2.js]
[mammothtoken.xyz/wp-content/plugins/elementor/assets/js/frontend-modules.minf3b2.js]
[mammothtoken.xyz/wp-content/plugins/elementor/assets/lib/waypoints/waypoints.min05da.js]
[mammothtoken.xyz/wp-includes/js/jquery/ui/core.min3f14.js]
[mammothtoken.xyz/wp-content/plugins/elementor/assets/js/frontend.minf3b2.js]
[mammothtoken.xyz/wp-content/themes/aihub/liquid/assets/js/theme-inline.js]
[mammothtoken.xyz/wp-content/themes/aihub/assets/js/minified/behaviors/sticky-header.js]
[mammothtoken.xyz/wp-content/plugins/happy-elementor-addons/assets/js/happy-addons.min2f56.js]
[mammothtoken.xyz/wp-content/themes/aihub/assets/js/minified/behaviors/toggle.js]
[mammothtoken.xyz/wp-content/themes/aihub/assets/js/minified/behaviors/dropdown.js]
[mammothtoken.xyz/wp-content/themes/aihub/assets/js/minified/behaviors/toggle-slide.js]
[mammothtoken.xyz/wp-content/themes/aihub/assets/js/minified/behaviors/get-element-computed-styles.js]
[mammothtoken.xyz/wp-content/themes/aihub/assets/js/minified/behaviors/animations.js]
[mammothtoken.xyz/wp-content/themes/aihub/assets/js/minified/behaviors/hover-3d.js]
[mammothtoken.xyz/wp-content/themes/aihub/assets/js/minified/behaviors/split-text.js]
[mammothtoken.xyz/wp-content/themes/aihub/assets/js/minified/behaviors/marquee.js]
[mammothtoken.xyz/wp-content/themes/aihub/assets/js/minified/behaviors/look-at-mouse.js]
[mammothtoken.xyz/wp-content/plugins/elementskit-lite/widgets/init/assets/js/animate-circle.min459e.js]
[mammothtoken.xyz/wp-content/plugins/elementskit-lite/widgets/init/assets/js/elementor459e.js]
[www.mammothtoken.xyz/index.html]
[www.gstatic.com/images/branding/product/1x/googleg_16dp.png]
[mammothtoken.xyz/wp-content/plugins/graphina-elementor-charts-and-graphs/elementor/css/graphina-charts-for-elementor-public3cf4.css]
[mammothtoken.xyz/wp-content/plugins/graphina-elementor-charts-and-graphs/elementor/css/graphina-charts-for-elementor-pro3cf4.css]
[mammothtoken.xyz/wp-content/plugins/elementor/assets/css/frontend-lite.minf3b2.css]
[mammothtoken.xyz/wp-content/plugins/elementor/assets/lib/swiper/v8/css/swiper.min94a4.css]
[mammothtoken.xyz/wp-content/plugins/theme-masters-elementor/assets/css/library/parallax-bg.min039c.css]
[mammothtoken.xyz/wp-content/plugins/theme-masters-elementor/assets/css/library/gradient-bg.min039c.css]
[mammothtoken.xyz/wp-content/plugins/theme-masters-elementor/assets/css/frontend.min039c.css]
[mammothtoken.xyz/wp-content/plugins/elementor/assets/lib/font-awesome/css/all.minf3b2.css]
[mammothtoken.xyz/wp-content/plugins/elementor/assets/lib/font-awesome/css/v4-shims.minf3b2.css]
[mammothtoken.xyz/wp-content/plugins/metform/public/assets/css/text-editorcd70.css]
[mammothtoken.xyz/wp-content/plugins/elementskit-lite/modules/elementskit-icon-pack/assets/css/ekiticons459e.css]
[mammothtoken.xyz/wp-content/themes/aihub/style1e39.css]
[mammothtoken.xyz/wp-content/uploads/liquid-styles/liquid-utils.css]
[mammothtoken.xyz/wp-content/themes/aihub/assets/css/themes/aihub/theme1e39.css]
[mammothtoken.xyz/wp-content/plugins/elementskit-lite/widgets/init/assets/img/arrow.png]
[mammothtoken.xyz/wp-content/plugins/elementskit-lite/widgets/init/assets/img/sort_asc.png]
[mammothtoken.xyz/wp-content/plugins/elementskit-lite/widgets/init/assets/img/sort_desc.png]
[mammothtoken.xyz/wp-content/plugins/elementskit-lite/widgets/init/assets/img/sort_asc_disabled.png]
[mammothtoken.xyz/wp-content/plugins/elementskit-lite/widgets/init/assets/css/widget-styles459e.css]
[mammothtoken.xyz/wp-content/plugins/elementskit-lite/widgets/init/assets/css/responsive459e.css]
[mammothtoken.xyz/wp-content/plugins/happy-elementor-addons/assets/fonts/happy-icons.woff2]
[mammothtoken.xyz/wp-content/plugins/happy-elementor-addons/assets/fonts/happy-icons.woff]
[mammothtoken.xyz/wp-content/plugins/happy-elementor-addons/assets/fonts/style.min2f56.css]
[mammothtoken.xyz/wp-content/themes/aihub/liquid/extensions/menu-icons/css/fontawesome/css/all.min1849.css]
[mammothtoken.xyz/wp-content/plugins/theme-masters-elementor/assets/icon-library/css/fontisto.min459e.css]
[mammothtoken.xyz/wp-content/plugins/happy-elementor-addons/assets/fonts/happy-icons.svg]
[mammothtoken.xyz/wp-content/plugins/happy-elementor-addons/assets/fonts/happy-icons.svg]
